Taelyn
Upro
Upro
Delvarix
Delvarix
Krilantis
Xarr
Upro
Xarr
Upro
Balir
Lothidan
Delvarix
Krilantis
Delvarix
Krilantis
Delvarix
Xarr
Balir
Upro
Xarr
Zargo
Balir
Upro
Momonga
Sionn
Balir
Upro
Upro
Balir
Balir
Upro
Balir
Taelyn
Delvarix
Krilantis
Delvarix
Balir
Upro
Delvarix
Taelyn
Balir
Sionn
Taelyn
Balir
Delvarix
Upro
Delvarix
Balir
Taelyn
Upro
Delvarix
Krilantis
Delvarix
Taelyn
Balir
Upro
Balir
Upro
Balir
Delvarix
Delvar
Xarr
Delvarix
Upro
Xarr
Zargo
Xarr
Delvarix
Upro
Delvarix
Delvarix
Krilantis
Delvarix
Zargo
Upro
Kheldar
Zargo
Delvarix
Upro
Delvarix
Krilantis
Delvarix
Krilantis
Delvarix
Upro
Delvarix
Upro
Delvarix
Upro
Delvarix
Upro
Delvarix
Delvarix
Delvarix
Upro
Upro
Upro
Upro
Upro
Upro
Kheldar
Kheldar
Delvarix
Delvarix
Delvar
Delvarix
Delvar
Kheldar
Krilantis
Upro
Upro
Upro
Taelyn
Krilantis
Taelyn
Rowena
Upro
Krilantis
Rowena
Sionn
Lothidan
Krilantis
Zargo
Rowena
Krilantis
Taelyn
Lothidan
Upro
Upro
Krilantis
Lothidan
Lothidan
Lothidan
Taelyn
Krilantis
Upro
Taelyn
Upro
Krilantis
Zargo
Zargo
Zargo
Zargo
Krilantis
Krilantis
Zargo
Krilantis
Upro
Zargo
Krilantis
Krilantis
Krilantis
Krilantis
Zargo
Upro
Krilantis
Zargo
Upro
Krilantis
Zargo
Upro
Krilantis
Zargo
Upro
Krilantis
Zargo
Upro
Krilantis
Zargo
Upro
Krilantis
Zargo
Upro
Zargo
Zargo
Krilantis
Upro
Krilantis
Upro
Krilantis
Zargo
Upro
Krilantis
Krilantis
Krilantis
Zargo
Zargo
Krilantis
Upro
Upro
Krilantis
Ixan
Zargo
Upro
Krilantis
Sionn
Zargo
Upro
Sionn
